
> bison-lab-landing@0.0.0 build
> vite build

[36mvite v5.2.0 [32mbuilding for production...[36m[39m
transforming...
